// Jest Snapshot v1, https://goo.gl/fbAQLP

exports[`App test App renders correctly 1`] = `
<div
  className="col"
>
  <form
    className="form-signin"
  >
    <h1
      className="h3 mb-3 font-weight-normal"
    >
      Please sign in
    </h1>
    <input
      className="form-control"
      id="inputEmail"
      name="username"
      onChange={[Function]}
      placeholder="Email address: test@test.co"
      type="email"
    />
    <input
      className="form-control"
      id="inputPassword"
      name="password"
      onChange={[Function]}
      placeholder="Password: password"
      type="password"
    />
    <button
      className="btn btn-lg btn-primary btn-block"
      onClick={[Function]}
    >
      Sign in
    </button>
    <p
      className="mt-5 mb-3 text-muted"
    >
      Â© 2017-
    </p>
  </form>
</div>
`;
